// Jest Snapshot v1, https://jestjs.io/docs/snapshot-testing

exports[`FeatureBox matches snapshot 1`] = `
<div
  class="group bg-card border border-border rounded-lg p-6 hover:shadow-xl hover:shadow-yellow-400/10 hover:-translate-y-1 hover:border-yellow-400/30 transition-all duration-300 ease-out cursor-pointer"
>
  <div
    class="mb-4 inline-flex items-center justify-center w-12 h-12 bg-yellow-400 rounded-lg group-hover:scale-110 group-hover:rotate-3 group-hover:bg-yellow-300 transition-all duration-300 ease-out"
  >
    <div
      class="group-hover:scale-90 transition-transform duration-200 ease-out"
    >
      <svg
        aria-hidden="true"
        class="lucide lucide-shield"
        data-testid="shield-icon"
        fill="none"
        height="24"
        stroke="currentColor"
        stroke-linecap="round"
        stroke-linejoin="round"
        stroke-width="2"
        viewBox="0 0 24 24"
        width="24"
        xmlns="http://www.w3.org/2000/svg"
      >
        <path
          d="M20 13c0 5-3.5 7.5-7.66 8.95a1 1 0 0 1-.67-.01C7.5 20.5 4 18 4 13V6a1 1 0 0 1 1-1c2 0 4.5-1.2 6.24-2.72a1.17 1.17 0 0 1 1.52 0C14.51 3.81 17 5 19 5a1 1 0 0 1 1 1z"
        />
      </svg>
    </div>
  </div>
  <h3
    class="text-lg font-semibold text-foreground mb-3 group-hover:text-yellow-600 dark:group-hover:text-yellow-400 transition-colors duration-200"
  >
    Test Title
  </h3>
  <p
    class="text-sm text-muted-foreground leading-relaxed group-hover:text-foreground transition-colors duration-200"
  >
    Test description for the feature box component.
  </p>
</div>
`;
